MPLINK 5.09, LINKER
Linker Map File - Created Wed Mar 18 10:13:31 2026

                                 Section Info
                  Section       Type    Address   Location Size(Bytes)
                ---------  ---------  ---------  ---------  ---------
                   .org_0       code   0x000000    program   0x000002
                   .cinit    romdata   0x000001    program   0x000004
                   .org_1       code   0x000004    program   0x000090
               SETUP_CODE       code   0x00004c    program   0x00016c
                UART_CODE       code   0x000102    program   0x000100
                 ADC_CODE       code   0x000182    program   0x0000ce
.config_8007_BUILD/DEFAULT/PRODUCTION/UNIVERS       code   0x008007    program   0x000002
.config_8008_BUILD/DEFAULT/PRODUCTION/UNIVERS       code   0x008008    program   0x000002



                              Program Memory Usage 
                               Start         End      
                           ---------   ---------      
                            0x000000    0x000002      
                            0x000004    0x0001e8      
                            0x008007    0x008008      
            490 out of 16647 program addresses used, program memory utilization is 2%



                              Symbols - Sorted by Name
                     Name    Address   Location    Storage File                     
                ---------  ---------  ---------  --------- ---------                
            ADC_INTERRUPT   0x00001d    program     static C:\Users\JaceF\Projects\Universal Remote Firmware\Firmware\Universal_Remote_Control.X\Universal_Remote_Control_Main.asm
        ADC_INTERRUPT_END   0x000020    program     static C:\Users\JaceF\Projects\Universal Remote Firmware\Firmware\Universal_Remote_Control.X\Universal_Remote_Control_Main.asm
           DETERMINE_ANCH   0x000182    program     static C:\Users\JaceF\Projects\Universal Remote Firmware\Firmware\Universal_Remote_Control.X\URC_ADC.INC
       DETERMINE_ANCH_END   0x0001e8    program     static C:\Users\JaceF\Projects\Universal Remote Firmware\Firmware\Universal_Remote_Control.X\URC_ADC.INC
         DETERMINE_PACKET   0x000130    program     static C:\Users\JaceF\Projects\Universal Remote Firmware\Firmware\Universal_Remote_Control.X\URC_UART.INC
     DETERMINE_PACKET_END   0x00014d    program     static C:\Users\JaceF\Projects\Universal Remote Firmware\Firmware\Universal_Remote_Control.X\URC_UART.INC
               INITIALIZE   0x00004c    program     static C:\Users\JaceF\Projects\Universal Remote Firmware\Firmware\Universal_Remote_Control.X\URC_PIC16LF1789_Set_Up.inc
          INIT_BUTTONS_TX   0x000170    program     static C:\Users\JaceF\Projects\Universal Remote Firmware\Firmware\Universal_Remote_Control.X\URC_UART.INC
             INIT_JOY1_TX   0x00014e    program     static C:\Users\JaceF\Projects\Universal Remote Firmware\Firmware\Universal_Remote_Control.X\URC_UART.INC
             INIT_JOY2_TX   0x00015f    program     static C:\Users\JaceF\Projects\Universal Remote Firmware\Firmware\Universal_Remote_Control.X\URC_UART.INC
                INTERRUPT   0x000010    program     static C:\Users\JaceF\Projects\Universal Remote Firmware\Firmware\Universal_Remote_Control.X\Universal_Remote_Control_Main.asm
                 IS_ANCH0   0x0001ad    program     static C:\Users\JaceF\Projects\Universal Remote Firmware\Firmware\Universal_Remote_Control.X\URC_ADC.INC
                 IS_ANCH1   0x0001b7    program     static C:\Users\JaceF\Projects\Universal Remote Firmware\Firmware\Universal_Remote_Control.X\URC_ADC.INC
                 IS_ANCH2   0x0001c1    program     static C:\Users\JaceF\Projects\Universal Remote Firmware\Firmware\Universal_Remote_Control.X\URC_ADC.INC
                 IS_ANCH3   0x0001cb    program     static C:\Users\JaceF\Projects\Universal Remote Firmware\Firmware\Universal_Remote_Control.X\URC_ADC.INC
                 IS_ANCH4   0x0001d5    program     static C:\Users\JaceF\Projects\Universal Remote Firmware\Firmware\Universal_Remote_Control.X\URC_ADC.INC
                 IS_ANCH5   0x0001df    program     static C:\Users\JaceF\Projects\Universal Remote Firmware\Firmware\Universal_Remote_Control.X\URC_ADC.INC
                     MAIN   0x00002f    program     static C:\Users\JaceF\Projects\Universal Remote Firmware\Firmware\Universal_Remote_Control.X\Universal_Remote_Control_Main.asm
                 PACKET_1   0x000144    program     static C:\Users\JaceF\Projects\Universal Remote Firmware\Firmware\Universal_Remote_Control.X\URC_UART.INC
                 PACKET_2   0x000147    program     static C:\Users\JaceF\Projects\Universal Remote Firmware\Firmware\Universal_Remote_Control.X\URC_UART.INC
                 PACKET_3   0x00014a    program     static C:\Users\JaceF\Projects\Universal Remote Firmware\Firmware\Universal_Remote_Control.X\URC_UART.INC
         SEND_DATA_PACKET   0x000102    program     static C:\Users\JaceF\Projects\Universal Remote Firmware\Firmware\Universal_Remote_Control.X\URC_UART.INC
                    SETUP   0x000005    program     static C:\Users\JaceF\Projects\Universal Remote Firmware\Firmware\Universal_Remote_Control.X\Universal_Remote_Control_Main.asm
           SET_ROBOT_ADDR   0x000025    program     static C:\Users\JaceF\Projects\Universal Remote Firmware\Firmware\Universal_Remote_Control.X\Universal_Remote_Control_Main.asm
           TMR2_INTERRUPT   0x000017    program     static C:\Users\JaceF\Projects\Universal Remote Firmware\Firmware\Universal_Remote_Control.X\Universal_Remote_Control_Main.asm
       TMR2_INTERRUPT_END   0x00001a    program     static C:\Users\JaceF\Projects\Universal Remote Firmware\Firmware\Universal_Remote_Control.X\Universal_Remote_Control_Main.asm
       UPDATE_BAR_DISPLAY   0x00002a    program     static C:\Users\JaceF\Projects\Universal Remote Firmware\Firmware\Universal_Remote_Control.X\Universal_Remote_Control_Main.asm
          _UART_CODE_0009   0x00010b    program     static C:\Users\JaceF\Projects\Universal Remote Firmware\Firmware\Universal_Remote_Control.X\URC_UART.INC
          _UART_CODE_0010   0x000112    program     static C:\Users\JaceF\Projects\Universal Remote Firmware\Firmware\Universal_Remote_Control.X\URC_UART.INC
          _UART_CODE_0017   0x000119    program     static C:\Users\JaceF\Projects\Universal Remote Firmware\Firmware\Universal_Remote_Control.X\URC_UART.INC
          _UART_CODE_001E   0x000120    program     static C:\Users\JaceF\Projects\Universal Remote Firmware\Firmware\Universal_Remote_Control.X\URC_UART.INC
          _UART_CODE_0025   0x000127    program     static C:\Users\JaceF\Projects\Universal Remote Firmware\Firmware\Universal_Remote_Control.X\URC_UART.INC
          _UART_CODE_002C   0x00012e    program     static C:\Users\JaceF\Projects\Universal Remote Firmware\Firmware\Universal_Remote_Control.X\URC_UART.INC



                              Symbols - Sorted by Address
                     Name    Address   Location    Storage File                     
                ---------  ---------  ---------  --------- ---------                
                    SETUP   0x000005    program     static C:\Users\JaceF\Projects\Universal Remote Firmware\Firmware\Universal_Remote_Control.X\Universal_Remote_Control_Main.asm
                INTERRUPT   0x000010    program     static C:\Users\JaceF\Projects\Universal Remote Firmware\Firmware\Universal_Remote_Control.X\Universal_Remote_Control_Main.asm
           TMR2_INTERRUPT   0x000017    program     static C:\Users\JaceF\Projects\Universal Remote Firmware\Firmware\Universal_Remote_Control.X\Universal_Remote_Control_Main.asm
       TMR2_INTERRUPT_END   0x00001a    program     static C:\Users\JaceF\Projects\Universal Remote Firmware\Firmware\Universal_Remote_Control.X\Universal_Remote_Control_Main.asm
            ADC_INTERRUPT   0x00001d    program     static C:\Users\JaceF\Projects\Universal Remote Firmware\Firmware\Universal_Remote_Control.X\Universal_Remote_Control_Main.asm
        ADC_INTERRUPT_END   0x000020    program     static C:\Users\JaceF\Projects\Universal Remote Firmware\Firmware\Universal_Remote_Control.X\Universal_Remote_Control_Main.asm
           SET_ROBOT_ADDR   0x000025    program     static C:\Users\JaceF\Projects\Universal Remote Firmware\Firmware\Universal_Remote_Control.X\Universal_Remote_Control_Main.asm
       UPDATE_BAR_DISPLAY   0x00002a    program     static C:\Users\JaceF\Projects\Universal Remote Firmware\Firmware\Universal_Remote_Control.X\Universal_Remote_Control_Main.asm
                     MAIN   0x00002f    program     static C:\Users\JaceF\Projects\Universal Remote Firmware\Firmware\Universal_Remote_Control.X\Universal_Remote_Control_Main.asm
               INITIALIZE   0x00004c    program     static C:\Users\JaceF\Projects\Universal Remote Firmware\Firmware\Universal_Remote_Control.X\URC_PIC16LF1789_Set_Up.inc
         SEND_DATA_PACKET   0x000102    program     static C:\Users\JaceF\Projects\Universal Remote Firmware\Firmware\Universal_Remote_Control.X\URC_UART.INC
          _UART_CODE_0009   0x00010b    program     static C:\Users\JaceF\Projects\Universal Remote Firmware\Firmware\Universal_Remote_Control.X\URC_UART.INC
          _UART_CODE_0010   0x000112    program     static C:\Users\JaceF\Projects\Universal Remote Firmware\Firmware\Universal_Remote_Control.X\URC_UART.INC
          _UART_CODE_0017   0x000119    program     static C:\Users\JaceF\Projects\Universal Remote Firmware\Firmware\Universal_Remote_Control.X\URC_UART.INC
          _UART_CODE_001E   0x000120    program     static C:\Users\JaceF\Projects\Universal Remote Firmware\Firmware\Universal_Remote_Control.X\URC_UART.INC
          _UART_CODE_0025   0x000127    program     static C:\Users\JaceF\Projects\Universal Remote Firmware\Firmware\Universal_Remote_Control.X\URC_UART.INC
          _UART_CODE_002C   0x00012e    program     static C:\Users\JaceF\Projects\Universal Remote Firmware\Firmware\Universal_Remote_Control.X\URC_UART.INC
         DETERMINE_PACKET   0x000130    program     static C:\Users\JaceF\Projects\Universal Remote Firmware\Firmware\Universal_Remote_Control.X\URC_UART.INC
                 PACKET_1   0x000144    program     static C:\Users\JaceF\Projects\Universal Remote Firmware\Firmware\Universal_Remote_Control.X\URC_UART.INC
                 PACKET_2   0x000147    program     static C:\Users\JaceF\Projects\Universal Remote Firmware\Firmware\Universal_Remote_Control.X\URC_UART.INC
                 PACKET_3   0x00014a    program     static C:\Users\JaceF\Projects\Universal Remote Firmware\Firmware\Universal_Remote_Control.X\URC_UART.INC
     DETERMINE_PACKET_END   0x00014d    program     static C:\Users\JaceF\Projects\Universal Remote Firmware\Firmware\Universal_Remote_Control.X\URC_UART.INC
             INIT_JOY1_TX   0x00014e    program     static C:\Users\JaceF\Projects\Universal Remote Firmware\Firmware\Universal_Remote_Control.X\URC_UART.INC
             INIT_JOY2_TX   0x00015f    program     static C:\Users\JaceF\Projects\Universal Remote Firmware\Firmware\Universal_Remote_Control.X\URC_UART.INC
          INIT_BUTTONS_TX   0x000170    program     static C:\Users\JaceF\Projects\Universal Remote Firmware\Firmware\Universal_Remote_Control.X\URC_UART.INC
           DETERMINE_ANCH   0x000182    program     static C:\Users\JaceF\Projects\Universal Remote Firmware\Firmware\Universal_Remote_Control.X\URC_ADC.INC
                 IS_ANCH0   0x0001ad    program     static C:\Users\JaceF\Projects\Universal Remote Firmware\Firmware\Universal_Remote_Control.X\URC_ADC.INC
                 IS_ANCH1   0x0001b7    program     static C:\Users\JaceF\Projects\Universal Remote Firmware\Firmware\Universal_Remote_Control.X\URC_ADC.INC
                 IS_ANCH2   0x0001c1    program     static C:\Users\JaceF\Projects\Universal Remote Firmware\Firmware\Universal_Remote_Control.X\URC_ADC.INC
                 IS_ANCH3   0x0001cb    program     static C:\Users\JaceF\Projects\Universal Remote Firmware\Firmware\Universal_Remote_Control.X\URC_ADC.INC
                 IS_ANCH4   0x0001d5    program     static C:\Users\JaceF\Projects\Universal Remote Firmware\Firmware\Universal_Remote_Control.X\URC_ADC.INC
                 IS_ANCH5   0x0001df    program     static C:\Users\JaceF\Projects\Universal Remote Firmware\Firmware\Universal_Remote_Control.X\URC_ADC.INC
       DETERMINE_ANCH_END   0x0001e8    program     static C:\Users\JaceF\Projects\Universal Remote Firmware\Firmware\Universal_Remote_Control.X\URC_ADC.INC


