MPLINK 5.09, LINKER
Linker Map File - Created Wed Apr 08 14:12:26 2026

                                 Section Info
                  Section       Type    Address   Location Size(Bytes)
                ---------  ---------  ---------  ---------  ---------
                   .org_0       code   0x000000    program   0x000002
                   .cinit    romdata   0x000001    program   0x000004
                   .org_1       code   0x000004    program   0x000294
               SETUP_CODE       code   0x00014e    program   0x000126
                 I2C_CODE       code   0x0001e1    program   0x0000b0
.config_8007_BUILD/DEFAULT/PRODUCTION/UNV_TDR       code   0x008007    program   0x000002
.config_8008_BUILD/DEFAULT/PRODUCTION/UNV_TDR       code   0x008008    program   0x000002



                              Program Memory Usage 
                               Start         End      
                           ---------   ---------      
                            0x000000    0x000002      
                            0x000004    0x000238      
                            0x008007    0x008008      
            570 out of 16647 program addresses used, program memory utilization is 3%



                              Symbols - Sorted by Name
                     Name    Address   Location    Storage File                     
                ---------  ---------  ---------  --------- ---------                
   ACTUATOR_MOTOR_FORWARD   0x00013b    program     static C:\Users\JaceF\Projects\Tank_Drive_Blimp.X\Unv_TDrive_Slave_Main.asm
   ACTUATOR_MOTOR_REVERSE   0x000140    program     static C:\Users\JaceF\Projects\Tank_Drive_Blimp.X\Unv_TDrive_Slave_Main.asm
      ACTUATOR_MOTOR_STOP   0x000145    program     static C:\Users\JaceF\Projects\Tank_Drive_Blimp.X\Unv_TDrive_Slave_Main.asm
               ADDRESS_RX   0x0001fb    program     static C:\Users\JaceF\Projects\Tank_Drive_Blimp.X\Unv_Slave_I2C_SetUp.inc
             BOTH_FORWARD   0x0000e8    program     static C:\Users\JaceF\Projects\Tank_Drive_Blimp.X\Unv_TDrive_Slave_Main.asm
             BOTH_REVERSE   0x0000ef    program     static C:\Users\JaceF\Projects\Tank_Drive_Blimp.X\Unv_TDrive_Slave_Main.asm
                BOTH_STOP   0x0000e1    program     static C:\Users\JaceF\Projects\Tank_Drive_Blimp.X\Unv_TDrive_Slave_Main.asm
     CHECK_ACTUATOR_MOTOR   0x000042    program     static C:\Users\JaceF\Projects\Tank_Drive_Blimp.X\Unv_TDrive_Slave_Main.asm
         CHECK_LEFT_MOTOR   0x000083    program     static C:\Users\JaceF\Projects\Tank_Drive_Blimp.X\Unv_TDrive_Slave_Main.asm
            CHECK_L_MOTOR   0x00003d    program     static C:\Users\JaceF\Projects\Tank_Drive_Blimp.X\Unv_TDrive_Slave_Main.asm
        CHECK_RIGHT_MOTOR   0x000074    program     static C:\Users\JaceF\Projects\Tank_Drive_Blimp.X\Unv_TDrive_Slave_Main.asm
 DETERMINE_ACTUATOR_STATE   0x00012c    program     static C:\Users\JaceF\Projects\Tank_Drive_Blimp.X\Unv_TDrive_Slave_Main.asm
DETERMINE_ACTUATOR_STATE_END   0x000149    program     static C:\Users\JaceF\Projects\Tank_Drive_Blimp.X\Unv_TDrive_Slave_Main.asm
    DETERMINE_DRIVE_STATE   0x000072    program     static C:\Users\JaceF\Projects\Tank_Drive_Blimp.X\Unv_TDrive_Slave_Main.asm
DETERMINE_DRIVE_STATE_END   0x0000a9    program     static C:\Users\JaceF\Projects\Tank_Drive_Blimp.X\Unv_TDrive_Slave_Main.asm
         FIRST_COUNT_ZERO   0x000020    program     static C:\Users\JaceF\Projects\Tank_Drive_Blimp.X\Unv_TDrive_Slave_Main.asm
          FIRST_DATA_BYTE   0x000219    program     static C:\Users\JaceF\Projects\Tank_Drive_Blimp.X\Unv_Slave_I2C_SetUp.inc
         FOURTH_DATA_BYTE   0x000228    program     static C:\Users\JaceF\Projects\Tank_Drive_Blimp.X\Unv_Slave_I2C_SetUp.inc
          I2C_COM_TIMEOUT   0x00004a    program     static C:\Users\JaceF\Projects\Tank_Drive_Blimp.X\Unv_TDrive_Slave_Main.asm
      I2C_COM_TIMEOUT_END   0x000057    program     static C:\Users\JaceF\Projects\Tank_Drive_Blimp.X\Unv_TDrive_Slave_Main.asm
              I2C_DATA_RX   0x000200    program     static C:\Users\JaceF\Projects\Tank_Drive_Blimp.X\Unv_Slave_I2C_SetUp.inc
              I2C_RECEIVE   0x0001f6    program     static C:\Users\JaceF\Projects\Tank_Drive_Blimp.X\Unv_Slave_I2C_SetUp.inc
     I2C_RECEIVE_DATA_END   0x000232    program     static C:\Users\JaceF\Projects\Tank_Drive_Blimp.X\Unv_Slave_I2C_SetUp.inc
          I2C_RECEIVE_END   0x000234    program     static C:\Users\JaceF\Projects\Tank_Drive_Blimp.X\Unv_Slave_I2C_SetUp.inc
          I2C_SETUP_SLAVE   0x0001e1    program     static C:\Users\JaceF\Projects\Tank_Drive_Blimp.X\Unv_Slave_I2C_SetUp.inc
               INITIALIZE   0x00014e    program     static C:\Users\JaceF\Projects\Tank_Drive_Blimp.X\Unv_TDrive_Slave_PIC_SetUp.inc
                INTERRUPT   0x00000e    program     static C:\Users\JaceF\Projects\Tank_Drive_Blimp.X\Unv_TDrive_Slave_Main.asm
       LEFT_MOTOR_FORWARD   0x00009e    program     static C:\Users\JaceF\Projects\Tank_Drive_Blimp.X\Unv_TDrive_Slave_Main.asm
       LEFT_MOTOR_REVERSE   0x0000a1    program     static C:\Users\JaceF\Projects\Tank_Drive_Blimp.X\Unv_TDrive_Slave_Main.asm
          LEFT_MOTOR_STOP   0x0000a4    program     static C:\Users\JaceF\Projects\Tank_Drive_Blimp.X\Unv_TDrive_Slave_Main.asm
                     MAIN   0x00014a    program     static C:\Users\JaceF\Projects\Tank_Drive_Blimp.X\Unv_TDrive_Slave_Main.asm
      RIGHT_MOTOR_FORWARD   0x000092    program     static C:\Users\JaceF\Projects\Tank_Drive_Blimp.X\Unv_TDrive_Slave_Main.asm
      RIGHT_MOTOR_REVERSE   0x000095    program     static C:\Users\JaceF\Projects\Tank_Drive_Blimp.X\Unv_TDrive_Slave_Main.asm
         RIGHT_MOTOR_STOP   0x000098    program     static C:\Users\JaceF\Projects\Tank_Drive_Blimp.X\Unv_TDrive_Slave_Main.asm
            SAVE_I2C_DATA   0x000061    program     static C:\Users\JaceF\Projects\Tank_Drive_Blimp.X\Unv_TDrive_Slave_Main.asm
         SECOND_DATA_BYTE   0x00021e    program     static C:\Users\JaceF\Projects\Tank_Drive_Blimp.X\Unv_Slave_I2C_SetUp.inc
                    SETUP   0x000005    program     static C:\Users\JaceF\Projects\Tank_Drive_Blimp.X\Unv_TDrive_Slave_Main.asm
          SET_DRIVE_STATE   0x0000aa    program     static C:\Users\JaceF\Projects\Tank_Drive_Blimp.X\Unv_TDrive_Slave_Main.asm
      SET_DRIVE_STATE_END   0x00012b    program     static C:\Users\JaceF\Projects\Tank_Drive_Blimp.X\Unv_TDrive_Slave_Main.asm
         T20MS_NOT_PASSED   0x000038    program     static C:\Users\JaceF\Projects\Tank_Drive_Blimp.X\Unv_TDrive_Slave_Main.asm
          THIRD_DATA_BYTE   0x000223    program     static C:\Users\JaceF\Projects\Tank_Drive_Blimp.X\Unv_Slave_I2C_SetUp.inc
           TMR2_INTERRUPT   0x000018    program     static C:\Users\JaceF\Projects\Tank_Drive_Blimp.X\Unv_TDrive_Slave_Main.asm
       TMR2_INTERRUPT_END   0x000047    program     static C:\Users\JaceF\Projects\Tank_Drive_Blimp.X\Unv_TDrive_Slave_Main.asm
              TURN_LEFT_F   0x000111    program     static C:\Users\JaceF\Projects\Tank_Drive_Blimp.X\Unv_TDrive_Slave_Main.asm
              TURN_LEFT_R   0x000123    program     static C:\Users\JaceF\Projects\Tank_Drive_Blimp.X\Unv_TDrive_Slave_Main.asm
             TURN_RIGHT_F   0x000108    program     static C:\Users\JaceF\Projects\Tank_Drive_Blimp.X\Unv_TDrive_Slave_Main.asm
             TURN_RIGHT_R   0x00011a    program     static C:\Users\JaceF\Projects\Tank_Drive_Blimp.X\Unv_TDrive_Slave_Main.asm
      UPDATE_DRIVE_STATUS   0x00005a    program     static C:\Users\JaceF\Projects\Tank_Drive_Blimp.X\Unv_TDrive_Slave_Main.asm
            Z_P_TURN_LEFT   0x0000ff    program     static C:\Users\JaceF\Projects\Tank_Drive_Blimp.X\Unv_TDrive_Slave_Main.asm
           Z_P_TURN_RIGHT   0x0000f6    program     static C:\Users\JaceF\Projects\Tank_Drive_Blimp.X\Unv_TDrive_Slave_Main.asm



                              Symbols - Sorted by Address
                     Name    Address   Location    Storage File                     
                ---------  ---------  ---------  --------- ---------                
                    SETUP   0x000005    program     static C:\Users\JaceF\Projects\Tank_Drive_Blimp.X\Unv_TDrive_Slave_Main.asm
                INTERRUPT   0x00000e    program     static C:\Users\JaceF\Projects\Tank_Drive_Blimp.X\Unv_TDrive_Slave_Main.asm
           TMR2_INTERRUPT   0x000018    program     static C:\Users\JaceF\Projects\Tank_Drive_Blimp.X\Unv_TDrive_Slave_Main.asm
         FIRST_COUNT_ZERO   0x000020    program     static C:\Users\JaceF\Projects\Tank_Drive_Blimp.X\Unv_TDrive_Slave_Main.asm
         T20MS_NOT_PASSED   0x000038    program     static C:\Users\JaceF\Projects\Tank_Drive_Blimp.X\Unv_TDrive_Slave_Main.asm
            CHECK_L_MOTOR   0x00003d    program     static C:\Users\JaceF\Projects\Tank_Drive_Blimp.X\Unv_TDrive_Slave_Main.asm
     CHECK_ACTUATOR_MOTOR   0x000042    program     static C:\Users\JaceF\Projects\Tank_Drive_Blimp.X\Unv_TDrive_Slave_Main.asm
       TMR2_INTERRUPT_END   0x000047    program     static C:\Users\JaceF\Projects\Tank_Drive_Blimp.X\Unv_TDrive_Slave_Main.asm
          I2C_COM_TIMEOUT   0x00004a    program     static C:\Users\JaceF\Projects\Tank_Drive_Blimp.X\Unv_TDrive_Slave_Main.asm
      I2C_COM_TIMEOUT_END   0x000057    program     static C:\Users\JaceF\Projects\Tank_Drive_Blimp.X\Unv_TDrive_Slave_Main.asm
      UPDATE_DRIVE_STATUS   0x00005a    program     static C:\Users\JaceF\Projects\Tank_Drive_Blimp.X\Unv_TDrive_Slave_Main.asm
            SAVE_I2C_DATA   0x000061    program     static C:\Users\JaceF\Projects\Tank_Drive_Blimp.X\Unv_TDrive_Slave_Main.asm
    DETERMINE_DRIVE_STATE   0x000072    program     static C:\Users\JaceF\Projects\Tank_Drive_Blimp.X\Unv_TDrive_Slave_Main.asm
        CHECK_RIGHT_MOTOR   0x000074    program     static C:\Users\JaceF\Projects\Tank_Drive_Blimp.X\Unv_TDrive_Slave_Main.asm
         CHECK_LEFT_MOTOR   0x000083    program     static C:\Users\JaceF\Projects\Tank_Drive_Blimp.X\Unv_TDrive_Slave_Main.asm
      RIGHT_MOTOR_FORWARD   0x000092    program     static C:\Users\JaceF\Projects\Tank_Drive_Blimp.X\Unv_TDrive_Slave_Main.asm
      RIGHT_MOTOR_REVERSE   0x000095    program     static C:\Users\JaceF\Projects\Tank_Drive_Blimp.X\Unv_TDrive_Slave_Main.asm
         RIGHT_MOTOR_STOP   0x000098    program     static C:\Users\JaceF\Projects\Tank_Drive_Blimp.X\Unv_TDrive_Slave_Main.asm
       LEFT_MOTOR_FORWARD   0x00009e    program     static C:\Users\JaceF\Projects\Tank_Drive_Blimp.X\Unv_TDrive_Slave_Main.asm
       LEFT_MOTOR_REVERSE   0x0000a1    program     static C:\Users\JaceF\Projects\Tank_Drive_Blimp.X\Unv_TDrive_Slave_Main.asm
          LEFT_MOTOR_STOP   0x0000a4    program     static C:\Users\JaceF\Projects\Tank_Drive_Blimp.X\Unv_TDrive_Slave_Main.asm
DETERMINE_DRIVE_STATE_END   0x0000a9    program     static C:\Users\JaceF\Projects\Tank_Drive_Blimp.X\Unv_TDrive_Slave_Main.asm
          SET_DRIVE_STATE   0x0000aa    program     static C:\Users\JaceF\Projects\Tank_Drive_Blimp.X\Unv_TDrive_Slave_Main.asm
                BOTH_STOP   0x0000e1    program     static C:\Users\JaceF\Projects\Tank_Drive_Blimp.X\Unv_TDrive_Slave_Main.asm
             BOTH_FORWARD   0x0000e8    program     static C:\Users\JaceF\Projects\Tank_Drive_Blimp.X\Unv_TDrive_Slave_Main.asm
             BOTH_REVERSE   0x0000ef    program     static C:\Users\JaceF\Projects\Tank_Drive_Blimp.X\Unv_TDrive_Slave_Main.asm
           Z_P_TURN_RIGHT   0x0000f6    program     static C:\Users\JaceF\Projects\Tank_Drive_Blimp.X\Unv_TDrive_Slave_Main.asm
            Z_P_TURN_LEFT   0x0000ff    program     static C:\Users\JaceF\Projects\Tank_Drive_Blimp.X\Unv_TDrive_Slave_Main.asm
             TURN_RIGHT_F   0x000108    program     static C:\Users\JaceF\Projects\Tank_Drive_Blimp.X\Unv_TDrive_Slave_Main.asm
              TURN_LEFT_F   0x000111    program     static C:\Users\JaceF\Projects\Tank_Drive_Blimp.X\Unv_TDrive_Slave_Main.asm
             TURN_RIGHT_R   0x00011a    program     static C:\Users\JaceF\Projects\Tank_Drive_Blimp.X\Unv_TDrive_Slave_Main.asm
              TURN_LEFT_R   0x000123    program     static C:\Users\JaceF\Projects\Tank_Drive_Blimp.X\Unv_TDrive_Slave_Main.asm
      SET_DRIVE_STATE_END   0x00012b    program     static C:\Users\JaceF\Projects\Tank_Drive_Blimp.X\Unv_TDrive_Slave_Main.asm
 DETERMINE_ACTUATOR_STATE   0x00012c    program     static C:\Users\JaceF\Projects\Tank_Drive_Blimp.X\Unv_TDrive_Slave_Main.asm
   ACTUATOR_MOTOR_FORWARD   0x00013b    program     static C:\Users\JaceF\Projects\Tank_Drive_Blimp.X\Unv_TDrive_Slave_Main.asm
   ACTUATOR_MOTOR_REVERSE   0x000140    program     static C:\Users\JaceF\Projects\Tank_Drive_Blimp.X\Unv_TDrive_Slave_Main.asm
      ACTUATOR_MOTOR_STOP   0x000145    program     static C:\Users\JaceF\Projects\Tank_Drive_Blimp.X\Unv_TDrive_Slave_Main.asm
DETERMINE_ACTUATOR_STATE_END   0x000149    program     static C:\Users\JaceF\Projects\Tank_Drive_Blimp.X\Unv_TDrive_Slave_Main.asm
                     MAIN   0x00014a    program     static C:\Users\JaceF\Projects\Tank_Drive_Blimp.X\Unv_TDrive_Slave_Main.asm
               INITIALIZE   0x00014e    program     static C:\Users\JaceF\Projects\Tank_Drive_Blimp.X\Unv_TDrive_Slave_PIC_SetUp.inc
          I2C_SETUP_SLAVE   0x0001e1    program     static C:\Users\JaceF\Projects\Tank_Drive_Blimp.X\Unv_Slave_I2C_SetUp.inc
              I2C_RECEIVE   0x0001f6    program     static C:\Users\JaceF\Projects\Tank_Drive_Blimp.X\Unv_Slave_I2C_SetUp.inc
               ADDRESS_RX   0x0001fb    program     static C:\Users\JaceF\Projects\Tank_Drive_Blimp.X\Unv_Slave_I2C_SetUp.inc
              I2C_DATA_RX   0x000200    program     static C:\Users\JaceF\Projects\Tank_Drive_Blimp.X\Unv_Slave_I2C_SetUp.inc
          FIRST_DATA_BYTE   0x000219    program     static C:\Users\JaceF\Projects\Tank_Drive_Blimp.X\Unv_Slave_I2C_SetUp.inc
         SECOND_DATA_BYTE   0x00021e    program     static C:\Users\JaceF\Projects\Tank_Drive_Blimp.X\Unv_Slave_I2C_SetUp.inc
          THIRD_DATA_BYTE   0x000223    program     static C:\Users\JaceF\Projects\Tank_Drive_Blimp.X\Unv_Slave_I2C_SetUp.inc
         FOURTH_DATA_BYTE   0x000228    program     static C:\Users\JaceF\Projects\Tank_Drive_Blimp.X\Unv_Slave_I2C_SetUp.inc
     I2C_RECEIVE_DATA_END   0x000232    program     static C:\Users\JaceF\Projects\Tank_Drive_Blimp.X\Unv_Slave_I2C_SetUp.inc
          I2C_RECEIVE_END   0x000234    program     static C:\Users\JaceF\Projects\Tank_Drive_Blimp.X\Unv_Slave_I2C_SetUp.inc


